// Jest Snapshot v1, https://goo.gl/fbAQLP

exports[`EditArticle renders link with valid slug 1`] = `
<body>
  <div>
    <div
      class="css-1x1q5zv"
    >
      <a
        class="chakra-link link-underline css-18poen0"
        href="https://github.com/abrahamcalsin/abrahamcalsin.com/edit/main/data/blog/truncar-texto-con-tailwindcss.mdx"
        rel="nofollow noopener noreferrer"
        role="link"
        target="_blank"
      >
        <span
          class="chakra-text css-0"
        >
          Editar art√≠culo
        </span>
        <span
          class="chakra-text css-cqw6j5"
        >
          <svg
            class="chakra-icon css-ol64jn"
            fill="none"
            focusable="false"
            height="1em"
            stroke="currentColor"
            stroke-linecap="round"
            stroke-linejoin="round"
            stroke-width="2"
            viewBox="0 0 24 24"
            width="1em"
            xmlns="http://www.w3.org/2000/svg"
          >
            <desc />
            <path
              d="M0 0h24v24H0z"
              fill="none"
              stroke="none"
            />
            <path
              d="M9 19c-4.3 1.4 -4.3 -2.5 -6 -3m12 5v-3.5c0 -1 .1 -1.4 -.5 -2c2.8 -.3 5.5 -1.4 5.5 -6a4.6 4.6 0 0 0 -1.3 -3.2a4.2 4.2 0 0 0 -.1 -3.2s-1.1 -.3 -3.5 1.3a12.3 12.3 0 0 0 -6.2 0c-2.4 -1.6 -3.5 -1.3 -3.5 -1.3a4.2 4.2 0 0 0 -.1 3.2a4.6 4.6 0 0 0 -1.3 3.2c0 4.6 2.7 5.7 5.5 6c-.6 .6 -.6 1.2 -.5 2v3.5"
            />
          </svg>
        </span>
      </a>
    </div>
  </div>
</body>
`;
